#
# There is insufficient memory for the Java Runtime Environment to continue.
# Native memory allocation (mmap) failed to map 268435456 bytes. Error detail: G1 virtual space
# Possible reasons:
#   The system is out of physical RAM or swap space
#   This process is running with CompressedOops enabled, and the Java Heap may be blocking the growth of the native heap
# Possible solutions:
#   Reduce memory load on the system
#   Increase physical memory or swap space
#   Check if swap backing store is full
#   Decrease Java heap size (-Xmx/-Xms)
#   Decrease number of Java threads
#   Decrease Java thread stack sizes (-Xss)
#   Set larger code cache with -XX:ReservedCodeCacheSize=
#   JVM is running with Zero Based Compressed Oops mode in which the Java heap is
#     placed in the first 32GB address space. The Java Heap base address is the
#     maximum limit for the native heap growth. Please use -XX:HeapBaseMinAddress
#     to set the Java Heap base and to place the Java Heap above 32GB virtual address.
# This output file may be truncated or incomplete.
#
#  Out of Memory Error (os_windows.cpp:3898), pid=2744, tid=18904
#
# JRE version:  (21.0.6+8) (build )
# Java VM: OpenJDK 64-Bit Server VM (21.0.6+8-b631.39, mixed mode, sharing, tiered, compressed oops, compressed class ptrs, g1 gc, windows-amd64)
# No core dump will be written. Minidumps are not enabled by default on client versions of Windows
#

---------------  S U M M A R Y ------------

Command Line: git4idea.http.GitAskPassApp Username for 'https://github.com': 

Host: AMD Ryzen 7 2700 Eight-Core Processor          , 16 cores, 15G,  Windows 10 , 64 bit Build 19041 (10.0.19041.5915)
Time: Sat Apr 11 14:36:11 2026 RTZ 2 (s 10 , 64 bit Build 19041 (10.0.19041.5915) elapsed time: 0.119607 seconds (0d 0h 0m 0s)

---------------  T H R E A D  ---------------

Current thread (0x000001b07f302190):  JavaThread "Unknown thread" [_thread_in_vm, id=18904, stack(0x00000082c9900000,0x00000082c9a00000) (1024K)]

Stack: [0x00000082c9900000,0x00000082c9a00000]
Native frames: (J=compiled Java code, j=interpreted, Vv=VM code, C=native code)
V  [jvm.dll+0x6e5d39]
V  [jvm.dll+0x8c4133]
V  [jvm.dll+0x8c668e]
V  [jvm.dll+0x8c6d73]
V  [jvm.dll+0x288f76]
V  [jvm.dll+0x6e25f5]
V  [jvm.dll+0x6d60aa]
V  [jvm.dll+0x3635bb]
V  [jvm.dll+0x36b186]
V  [jvm.dll+0x3bd4b6]
V  [jvm.dll+0x3bd788]
V  [jvm.dll+0x335d2c]
V  [jvm.dll+0x336a1b]
V  [jvm.dll+0x88b589]
V  [jvm.dll+0x3ca688]
V  [jvm.dll+0x874698]
V  [jvm.dll+0x45f04e]
V  [jvm.dll+0x460d31]
C  [jli.dll+0x52ab]
C  [ucrtbase.dll+0x21bb2]
C  [KERNEL32.DLL+0x17374]
C  [ntdll.dll+0x4cc91]


---------------  P R O C E S S  ---------------

Threads class SMR info:
_java_thread_list=0x00007ffd3d21a148, length=0, elements={
}

Java Threads: ( => current thread )
Total: 0

Other Threads:
  0x000001b07f2dc990 WorkerThread "GC Thread#0"                     [id=22420, stack(0x00000082c9a00000,0x00000082c9b00000) (1024K)]
  0x000001b07fb3ba70 ConcurrentGCThread "G1 Main Marker"            [id=13064, stack(0x00000082c9b00000,0x00000082c9c00000) (1024K)]
  0x000001b07f2dd0d0 WorkerThread "G1 Conc#0"                       [id=8232, stack(0x00000082c9c00000,0x00000082c9d00000) (1024K)]

[error occurred during error reporting (printing all threads), id 0xc0000005, EXCEPTION_ACCESS_VIOLATION (0xc0000005) at pc=0x00007ffd3c908de7]
VM state: not at safepoint (not fully initialized)

VM Mutex/Monitor currently owned by a thread:  ([mutex/lock_event])
[0x00007ffd3d28eb30] Heap_lock - owner thread: 0x000001b07f302190

Heap address: 0x0000000701400000, size: 4076 MB, Compressed Oops mode: Zero based, Oop shift amount: 3

CDS archive(s) mapped at: [0x0000000000000000-0x0000000000000000-0x0000000000000000), size 0, SharedBaseAddress: 0x0000000800000000, ArchiveRelocationMode: 1.
Narrow klass base: 0x0000000000000000, Narrow klass shift: 0, Narrow klass range: 0x0

GC Precious Log:
 CardTable entry size: 512
 Card Set container configuration: InlinePtr #cards 4 size 8 Array Of Cards #cards 16 size 48 Howl #buckets 8 coarsen threshold 3686 Howl Bitmap #cards 512 size 80 coarsen threshold 460 Card regions per heap region 1 cards per card region 4096

Heap:
 garbage-first heap   total 0K, used 0K [0x0000000701400000, 0x0000000800000000)
  region size 2048K, 0 young (0K), 0 survivors (0K)
 Metaspace       used 0K, committed 0K, reserved 0K
  class space    used 0K, committed 0K, reserved 0K

Heap Regions: E=young(eden), S=young(survivor), O=old, HS=humongous(starts), HC=humongous(continues), CS=collection set, F=free, TAMS=top-at-mark-start, PB=parsable bottom

Card table byte_map: [0x000001b015690000,0x000001b015e90000] _byte_map_base: 0x000001b011e86000

Marking Bits: (CMBitMap*) 0x000001b07fb2b120
 Bits: [0x000001b015e90000, 0x000001b019e40000)

GC Heap History (0 events):
No events

Dll operation events (1 events):
Event: 0.097 Loaded shared library C:\Program Files\JetBrains\WebStorm 2024.3.5\jbr\bin\java.dll

Deoptimization events (0 events):
No events

Classes loaded (0 events):
No events

Classes unloaded (0 events):
No events

Classes redefined (0 events):
No events

Internal exceptions (0 events):
No events

ZGC Phase Switch (0 events):
No events

VM Operations (0 events):
No events

Memory protections (0 events):
No events

Nmethod flushes (0 events):
No events

Events (0 events):
No events


Dynamic libraries:
0x00007ff792930000 - 0x00007ff79293a000 	C:\Program Files\JetBrains\WebStorm 2024.3.5\jbr\bin\java.exe
0x00007ffd8bb90000 - 0x00007ffd8bd88000 	C:\Windows\SYSTEM32\ntdll.dll
0x00007ffd8b990000 - 0x00007ffd8ba52000 	C:\Windows\System32\KERNEL32.DLL
0x00007ffd893d0000 - 0x00007ffd896c6000 	C:\Windows\System32\KERNELBASE.dll
0x00007ffd892d0000 - 0x00007ffd893d0000 	C:\Windows\System32\ucrtbase.dll
0x00007ffd7b480000 - 0x00007ffd7b498000 	C:\Program Files\JetBrains\WebStorm 2024.3.5\jbr\bin\jli.dll
0x00007ffd81bd0000 - 0x00007ffd81beb000 	C:\Program Files\JetBrains\WebStorm 2024.3.5\jbr\bin\VCRUNTIME140.dll
0x00007ffd8b780000 - 0x00007ffd8b921000 	C:\Windows\System32\USER32.dll
0x00007ffd89880000 - 0x00007ffd898a2000 	C:\Windows\System32\win32u.dll
0x00007ffd8b5a0000 - 0x00007ffd8b5cb000 	C:\Windows\System32\GDI32.dll
0x00007ffd898b0000 - 0x00007ffd899c9000 	C:\Windows\System32\gdi32full.dll
0x00007ffd899d0000 - 0x00007ffd89a6d000 	C:\Windows\System32\msvcp_win.dll
0x00007ffd74b70000 - 0x00007ffd74e0b000 	C:\Windows\WinSxS\amd64_microsoft.windows.common-controls_6595b64144ccf1df_6.0.19041.6456_none_60b8a6cb71f64256\COMCTL32.dll
0x00007ffd8a670000 - 0x00007ffd8a70e000 	C:\Windows\System32\msvcrt.dll
0x00007ffd8ba60000 - 0x00007ffd8ba8f000 	C:\Windows\System32\IMM32.DLL
0x00007ffd801b0000 - 0x00007ffd801bc000 	C:\Program Files\JetBrains\WebStorm 2024.3.5\jbr\bin\vcruntime140_1.dll
0x00007ffd71bd0000 - 0x00007ffd71c5d000 	C:\Program Files\JetBrains\WebStorm 2024.3.5\jbr\bin\msvcp140.dll
0x00007ffd3c5c0000 - 0x00007ffd3d381000 	C:\Program Files\JetBrains\WebStorm 2024.3.5\jbr\bin\server\jvm.dll
0x00007ffd89bb0000 - 0x00007ffd89c61000 	C:\Windows\System32\ADVAPI32.dll
0x00007ffd8ba90000 - 0x00007ffd8bb2f000 	C:\Windows\System32\sechost.dll
0x00007ffd8a2a0000 - 0x00007ffd8a3c0000 	C:\Windows\System32\RPCRT4.dll
0x00007ffd89220000 - 0x00007ffd89247000 	C:\Windows\System32\bcrypt.dll
0x00007ffd8a8f0000 - 0x00007ffd8a95b000 	C:\Windows\System32\WS2_32.dll
0x00007ffd7bb00000 - 0x00007ffd7bb27000 	C:\Windows\SYSTEM32\WINMM.dll
0x00007ffd81bc0000 - 0x00007ffd81bca000 	C:\Windows\SYSTEM32\VERSION.dll
0x00007ffd89100000 - 0x00007ffd8914b000 	C:\Windows\SYSTEM32\POWRPROF.dll
0x00007ffd89060000 - 0x00007ffd89072000 	C:\Windows\SYSTEM32\UMPDC.dll
0x00007ffd86f90000 - 0x00007ffd86fa2000 	C:\Windows\SYSTEM32\kernel.appcore.dll
0x00007ffd801a0000 - 0x00007ffd801aa000 	C:\Program Files\JetBrains\WebStorm 2024.3.5\jbr\bin\jimage.dll
0x00007ffd820c0000 - 0x00007ffd822c1000 	C:\Windows\SYSTEM32\DBGHELP.DLL
0x00007ffd77550000 - 0x00007ffd77584000 	C:\Windows\SYSTEM32\dbgcore.DLL
0x00007ffd89a70000 - 0x00007ffd89af2000 	C:\Windows\System32\bcryptPrimitives.dll
0x00007ffd7ffb0000 - 0x00007ffd7ffd0000 	C:\Program Files\JetBrains\WebStorm 2024.3.5\jbr\bin\java.dll

dbghelp: loaded successfully - version: 4.0.5 - missing functions: none
symbol engine: initialized successfully - sym options: 0x614 - pdb path: .;C:\Program Files\JetBrains\WebStorm 2024.3.5\jbr\bin;C:\Windows\SYSTEM32;C:\Windows\WinSxS\amd64_microsoft.windows.common-controls_6595b64144ccf1df_6.0.19041.6456_none_60b8a6cb71f64256;C:\Program Files\JetBrains\WebStorm 2024.3.5\jbr\bin\server

VM Arguments:
java_command: git4idea.http.GitAskPassApp Username for 'https://github.com': 
java_class_path (initial): C:/Program Files/JetBrains/WebStorm 2024.3.5/plugins/vcs-git/lib/git4idea-rt.jar;C:/Program Files/JetBrains/WebStorm 2024.3.5/lib/externalProcess-rt.jar
Launcher Type: SUN_STANDARD

[Global flags]
     intx CICompilerCount                          = 12                                        {product} {ergonomic}
     uint ConcGCThreads                            = 3                                         {product} {ergonomic}
     uint G1ConcRefinementThreads                  = 13                                        {product} {ergonomic}
   size_t G1HeapRegionSize                         = 2097152                                   {product} {ergonomic}
    uintx GCDrainStackTargetSize                   = 64                                        {product} {ergonomic}
   size_t InitialHeapSize                          = 268435456                                 {product} {ergonomic}
   size_t MarkStackSize                            = 4194304                                   {product} {ergonomic}
   size_t MaxHeapSize                              = 4273995776                                {product} {ergonomic}
   size_t MinHeapDeltaBytes                        = 2097152                                   {product} {ergonomic}
   size_t MinHeapSize                              = 8388608                                   {product} {ergonomic}
    uintx NonNMethodCodeHeapSize                   = 7602480                                {pd product} {ergonomic}
    uintx NonProfiledCodeHeapSize                  = 122027880                              {pd product} {ergonomic}
    uintx ProfiledCodeHeapSize                     = 122027880                              {pd product} {ergonomic}
    uintx ReservedCodeCacheSize                    = 251658240                              {pd product} {ergonomic}
     bool SegmentedCodeCache                       = true                                      {product} {ergonomic}
   size_t SoftMaxHeapSize                          = 4273995776                             {manageable} {ergonomic}
     bool UseCompressedOops                        = true                           {product lp64_product} {ergonomic}
     bool UseG1GC                                  = true                                      {product} {ergonomic}
     bool UseLargePagesIndividualAllocation        = false                                  {pd product} {ergonomic}

Logging:
Log output configuration:
 #0: stdout all=warning uptime,level,tags foldmultilines=false
 #1: stderr all=off uptime,level,tags foldmultilines=false

Environment Variables:
PATH=C:\Program Files\Git\mingw64\libexec\git-core;C:\Program Files\Git\mingw64\libexec\git-core;C:\Program Files\Git\mingw64\bin;C:\Program Files\Git\usr\bin;C:\Users\Sanya\bin;C:\Python313\Scripts;C:\Python313;C:\Program Files (x86)\Common Files\Oracle\Java\javapath;C:\Windows\system32;C:\Windows;C:\Windows\System32\Wbem;C:\Windows\System32\WindowsPowerShell\v1.0;C:\Windows\System32\OpenSSH;C:\Program Files\Git\cmd;C:\Program Files\nodejs;C:\ProgramData\chocolatey\bin;C:\Program Files\PuTTY;C:\Program Files\Docker\Docker\resources\bin;C:\Users\Sanya\AppData\Local\pnpm;C:\Python313\Scripts;C:\Python313;C:\Program Files (x86)\Common Files\Oracle\Java\javapath;C:\Windows\system32;C:\Windows;C:\Windows\System32\Wbem;C:\Windows\System32\WindowsPowerShell\v1.0;C:\Windows\System32\OpenSSH;C:\Program Files\Git\cmd;C:\Program Files\nodejs;C:\ProgramData\chocolatey\bin;C:\Program Files\Docker\Docker\resources\bin;C:\Users\Sanya\AppData\Local\pnpm;C:\Users\Sanya\AppData\Local\Microsoft\WindowsApps;C:\Users\Sanya\AppData\Roaming\npm;C:\Users\Sanya\AppData\Local\pnpm;C:\Users\Sanya\AppData\Local\Programs\Microsoft VS Code\bin
USERNAME=Sanya
DISPLAY=:0.0
LC_ALL=en_US.UTF-8
TERM=xterm-256color
TMPDIR=C:\Users\Sanya\AppData\Local\Temp
OS=Windows_NT
PROCESSOR_IDENTIFIER=AMD64 Family 23 Model 8 Stepping 2, AuthenticAMD
TMP=C:\Users\Sanya\AppData\Local\Temp
TEMP=C:\Users\Sanya\AppData\Local\Temp




Periodic native trim disabled

JNI global refs:
JNI global refs: 0, weak refs: 0

JNI global refs memory usage: 0, weak refs: 0

Process memory usage:
Resident Set Size: 11584K (0% of 16687328K total physical memory with 1183320K free physical memory)

OOME stack traces (most recent first):
Classloader memory used:

---------------  S Y S T E M  ---------------

OS:
 Windows 10 , 64 bit Build 19041 (10.0.19041.5915)
OS uptime: 2 days 19:03 hours
Hyper-V role detected

CPU: total 16 (initial active 16) (16 cores per cpu, 2 threads per core) family 23 model 8 stepping 2 microcode 0x0, cx8, cmov, fxsr, ht, mmx, 3dnowpref, sse, sse2, sse3, ssse3, sse4a, sse4.1, sse4.2, popcnt, lzcnt, tsc, tscinvbit, avx, avx2, aes, clmul, bmi1, bmi2, adx, sha, fma, vzeroupper, clflush, clflushopt, hv, rdtscp, f16c
Processor Information for the first 16 processors :
  Max Mhz: 3200, Current Mhz: 3200, Mhz Limit: 3200

Memory: 4k page, system-wide physical 16296M (1155M free)
TotalPageFile size 65448M (AvailPageFile size 25M)
current process WorkingSet (physical memory assigned to process): 11M, peak: 11M
current process commit charge ("private bytes"): 70M, peak: 326M

vm_info: OpenJDK 64-Bit Server VM (21.0.6+8-b631.39) for windows-amd64 JRE (21.0.6+8-b631.39), built on 2025-02-04 by "builduser" with MS VC++ 16.10 / 16.11 (VS2019)

END.
