2026-03-04 15:24:09,535 - INFO - Загрузка существующих товаров...
2026-03-04 15:24:09,592 - INFO - Загружено 242 записей
2026-03-04 15:24:09,592 - INFO - Получение URL из sitemap...
2026-03-04 15:24:10,915 - INFO - ✓ Найдено 100 товаров
2026-03-04 15:24:10,917 - INFO - Запуск пакетного парсинга: 100 товаров
2026-03-04 15:24:10,917 - INFO - 
[1/100] 1.0% - https://th-tool.by/o-nas/...
2026-03-04 15:24:20,302 - INFO -   ✓ Категория создана: Разное
2026-03-04 15:24:20,302 - INFO -   Категория: Разное
2026-03-04 15:24:20,629 - INFO - 
[2/100] 2.0% - https://th-tool.by/instruktsii/cooperation/...
2026-03-04 15:24:30,467 - INFO -   Категория: Разное
2026-03-04 15:24:30,790 - INFO - 
[3/100] 3.0% - https://th-tool.by/dealers/...
2026-03-04 15:24:40,159 - INFO -   Категория: Разное
2026-03-04 15:24:40,482 - INFO - 
[4/100] 4.0% - https://th-tool.by/garantii/...
2026-03-04 15:24:50,569 - INFO -   Категория: Разное
2026-03-04 15:24:50,891 - INFO - 
[5/100] 5.0% - https://th-tool.by/dostavka/...
2026-03-04 15:25:00,350 - INFO -   Категория: Разное
2026-03-04 15:25:00,674 - INFO - 
[6/100] 6.0% - https://th-tool.by/kontakty/...
2026-03-04 15:25:11,990 - INFO -   Категория: Разное
2026-03-04 15:25:12,319 - INFO - 
[7/100] 7.0% - https://th-tool.by/service-center/...
2026-03-04 15:25:21,678 - INFO -   Категория: Разное
2026-03-04 15:25:22,007 - INFO - 
[8/100] 8.0% - https://th-tool.by/obligatsii/...
2026-03-04 15:25:31,394 - INFO -   Категория: Разное
2026-03-04 15:25:31,718 - INFO - 
[9/100] 9.0% - https://th-tool.by/politika/...
2026-03-04 15:25:41,075 - INFO -   Категория: Разное
2026-03-04 15:25:41,398 - INFO - 
[10/100] 10.0% - https://th-tool.by/grafik-postavok/...
2026-03-04 15:25:50,758 - INFO -   Категория: Разное
2026-03-04 15:25:50,785 - INFO - 
📊 СТАТИСТИКА:
  ✓ Распаршено: 10
  ✓ Создано: 0
  ✓ Обновлено: 10
  ⚠ Дубликаты: 0
  ✗ Ошибки: 0
  📁 Категорий создано: 1
  🔍 Фильтров создано: 0

2026-03-04 15:25:51,085 - INFO - 
[11/100] 11.0% - https://th-tool.by/zhurnaly/...
2026-03-04 15:26:00,554 - INFO -   Категория: Разное
2026-03-04 15:26:00,883 - INFO - 
[12/100] 12.0% - https://th-tool.by/instruktsii/...
2026-03-04 15:26:10,270 - INFO -   Категория: Разное
2026-03-04 15:26:10,592 - INFO - 
[13/100] 13.0% - https://th-tool.by/hit-sale/...
2026-03-04 15:26:20,263 - INFO -   Категория: Разное
2026-03-04 15:26:20,583 - INFO - 
[14/100] 14.0% - https://th-tool.by/utsenka/...
2026-03-04 15:26:30,003 - INFO -   Категория: Разное
2026-03-04 15:26:30,330 - INFO - 
[15/100] 15.0% - https://th-tool.by/manzhety-dlya-trd55002/...
2026-03-04 15:26:40,219 - INFO -   Категория: Разное
2026-03-04 15:26:40,251 - INFO -   ✓ Фильтр создан: Бренд (SELECT)
2026-03-04 15:26:40,256 - INFO -   ✓ Фильтр создан: Код (SELECT)
2026-03-04 15:26:40,262 - INFO -   ✓ Фильтр создан: Рек. Цена (RANGE)
2026-03-04 15:26:40,269 - INFO -   ✓ Фильтр создан: Вес (RANGE)
2026-03-04 15:26:40,570 - INFO - 
[16/100] 16.0% - https://th-tool.by/manzhety-dlya-trd54501/...
2026-03-04 15:26:50,386 - INFO -   Категория: Разное
2026-03-04 15:26:50,725 - INFO - 
[17/100] 17.0% - https://th-tool.by/torsionnaya-pruzhina-25-dlya-t82256/...
2026-03-04 15:27:00,675 - INFO -   Категория: Разное
2026-03-04 15:27:01,009 - INFO - 
[18/100] 18.0% - https://th-tool.by/manzhety-dlya-trk1500-4/...
2026-03-04 15:27:10,870 - INFO -   Категория: Разное
2026-03-04 15:27:11,204 - INFO - 
[19/100] 19.0% - https://th-tool.by/manzhety-dlya-t83505/...
2026-03-04 15:27:21,137 - INFO -   Категория: Разное
2026-03-04 15:27:21,468 - INFO - 
[20/100] 20.0% - https://th-tool.by/manzhety-dlya-t51003/...
2026-03-04 15:27:31,388 - INFO -   Категория: Разное
2026-03-04 15:27:31,421 - INFO - 
📊 СТАТИСТИКА:
  ✓ Распаршено: 20
  ✓ Создано: 0
  ✓ Обновлено: 20
  ⚠ Дубликаты: 0
  ✗ Ошибки: 0
  📁 Категорий создано: 1
  🔍 Фильтров создано: 4

2026-03-04 15:27:31,721 - INFO - 
[21/100] 21.0% - https://th-tool.by/manzhety-dlya-t90504/...
2026-03-04 15:27:41,591 - INFO -   Категория: Разное
2026-03-04 15:27:41,922 - INFO - 
[22/100] 22.0% - https://th-tool.by/manzhety-dlya-t91204/...
2026-03-04 15:27:51,919 - INFO -   Категория: Разное
2026-03-04 15:27:52,252 - INFO - 
[23/100] 23.0% - https://th-tool.by/manzhety-dlya-t91504/...
2026-03-04 15:28:02,112 - INFO -   Категория: Разное
2026-03-04 15:28:02,446 - INFO - 
[24/100] 24.0% - https://th-tool.by/manzhety-dlya-t93007/...
2026-03-04 15:28:12,352 - INFO -   Категория: Разное
2026-03-04 15:28:12,691 - INFO - 
[25/100] 25.0% - https://th-tool.by/vorotok-t-obraznyy-250mm-1-2/...
2026-03-04 15:28:22,892 - INFO -   Категория: Разное
2026-03-04 15:28:22,931 - INFO -   ✓ Фильтр создан: Штрихкод (SELECT)
2026-03-04 15:28:23,231 - INFO - 
[26/100] 26.0% - https://th-tool.by/manzhety-dlya-t30306/...
2026-03-04 15:28:33,091 - INFO -   Категория: Разное
2026-03-04 15:28:33,425 - INFO - 
[27/100] 27.0% - https://th-tool.by/manzhety-dlya-t820013/...
2026-03-04 15:28:43,296 - INFO -   Категория: Разное
2026-03-04 15:28:43,625 - INFO - 
[28/100] 28.0% - https://th-tool.by/komplekt-sopel-dlya-peskostruynogo-pistol...
2026-03-04 15:28:53,659 - INFO -   Категория: Разное
2026-03-04 15:28:53,999 - INFO - 
[29/100] 29.0% - https://th-tool.by/indikator-davleniya-tsifrovoy-dlya-pnevmo...
2026-03-04 15:29:04,399 - INFO -   ✓ Категория создана: Силовая техника
2026-03-04 15:29:04,406 - INFO -   ✓ Категория создана: Компрессоры
2026-03-04 15:29:04,406 - INFO -   Категория: Силовая техника > Компрессоры
2026-03-04 15:29:04,447 - INFO -   ✓ Фильтр создан: Бренд (SELECT)
2026-03-04 15:29:04,453 - INFO -   ✓ Фильтр создан: Код (SELECT)
2026-03-04 15:29:04,458 - INFO -   ✓ Фильтр создан: Рек. Цена (RANGE)
2026-03-04 15:29:04,464 - INFO -   ✓ Фильтр создан: Вес (RANGE)
2026-03-04 15:29:04,469 - INFO -   ✓ Фильтр создан: Штрихкод (SELECT)
2026-03-04 15:29:04,770 - INFO - 
[30/100] 30.0% - https://th-tool.by/pistolet-dlya-podkachki-shin-s-tsifrovym-...
2026-03-04 15:29:15,001 - INFO -   Категория: Разное
2026-03-04 15:29:15,049 - INFO - 
📊 СТАТИСТИКА:
  ✓ Распаршено: 30
  ✓ Создано: 0
  ✓ Обновлено: 30
  ⚠ Дубликаты: 0
  ✗ Ошибки: 0
  📁 Категорий создано: 3
  🔍 Фильтров создано: 10

2026-03-04 15:29:15,350 - INFO - 
[31/100] 31.0% - https://th-tool.by/shlang-neylonovyy-7-5-x-10mm-x-1-metr-dly...
2026-03-04 15:29:25,407 - INFO -   Категория: Разное
2026-03-04 15:29:25,746 - INFO - 
[32/100] 32.0% - https://th-tool.by/bystrorazem-pnevmaticheskiy-s-klapanom-s-...
2026-03-04 15:29:35,950 - INFO -   Категория: Разное
2026-03-04 15:29:36,287 - INFO - 
[33/100] 33.0% - https://th-tool.by/bystrorazem-pnevmaticheskiy-s-klapanom-s-...
2026-03-04 15:29:46,487 - INFO -   Категория: Разное
2026-03-04 15:29:46,822 - INFO - 
[34/100] 34.0% - https://th-tool.by/bystrorazem-pnevmaticheskiy-s-klapanom-el...
2026-03-04 15:29:57,104 - INFO -   Категория: Разное
2026-03-04 15:29:57,440 - INFO - 
[35/100] 35.0% - https://th-tool.by/remen-dlya-balansirovochnogo-stanka/...
2026-03-04 15:30:07,306 - INFO -   Категория: Разное
2026-03-04 15:30:07,641 - INFO - 
[36/100] 36.0% - https://th-tool.by/nasadka-dlya-litykh-diskov-k-t-4-sht/...
2026-03-04 15:30:17,588 - INFO -   ✓ Категория создана: Расходники
2026-03-04 15:30:17,598 - INFO -   ✓ Категория создана: Диски
2026-03-04 15:30:17,598 - INFO -   Категория: Расходники > Диски
2026-03-04 15:30:17,631 - INFO -   ✓ Фильтр создан: Бренд (SELECT)
2026-03-04 15:30:17,636 - INFO -   ✓ Фильтр создан: Код (SELECT)
2026-03-04 15:30:17,641 - INFO -   ✓ Фильтр создан: Рек. Цена (RANGE)
2026-03-04 15:30:17,647 - INFO -   ✓ Фильтр создан: Вес (RANGE)
2026-03-04 15:30:17,947 - INFO - 
[37/100] 37.0% - https://th-tool.by/klapan-k-hdv-3050/...
2026-03-04 15:30:28,091 - INFO -   Категория: Разное
2026-03-04 15:30:28,430 - INFO - 
[38/100] 38.0% - https://th-tool.by/manzheta_6/...
2026-03-04 15:30:38,285 - INFO -   Категория: Разное
2026-03-04 15:30:38,623 - INFO - 
[39/100] 39.0% - https://th-tool.by/knopka_1/...
2026-03-04 15:30:48,500 - INFO -   Категория: Разное
2026-03-04 15:30:48,833 - INFO - 
[40/100] 40.0% - https://th-tool.by/panel-upravleniya-balasirovochnogo-stanka...
2026-03-04 15:30:58,681 - INFO -   Категория: Разное
2026-03-04 15:30:58,721 - INFO - 
📊 СТАТИСТИКА:
  ✓ Распаршено: 40
  ✓ Создано: 0
  ✓ Обновлено: 40
  ⚠ Дубликаты: 0
  ✗ Ошибки: 0
  📁 Категорий создано: 5
  🔍 Фильтров создано: 14

2026-03-04 15:30:59,021 - INFO - 
[41/100] 41.0% - https://th-tool.by/golovka-torks-glubokaya-e20-1-2/...
2026-03-04 15:31:09,083 - INFO -   ✓ Категория создана: Инструмент
2026-03-04 15:31:09,092 - INFO -   ✓ Категория создана: Головки
2026-03-04 15:31:09,092 - INFO -   Категория: Инструмент > Головки
2026-03-04 15:31:09,127 - INFO -   ✓ Фильтр создан: Бренд (SELECT)
2026-03-04 15:31:09,132 - INFO -   ✓ Фильтр создан: Код (SELECT)
2026-03-04 15:31:09,137 - INFO -   ✓ Фильтр создан: Рек. Цена (RANGE)
2026-03-04 15:31:09,143 - INFO -   ✓ Фильтр создан: Вес (RANGE)
2026-03-04 15:31:09,149 - INFO -   ✓ Фильтр создан: Штрихкод (SELECT)
2026-03-04 15:31:09,449 - INFO - 
[42/100] 42.0% - https://th-tool.by/tros-4-kh-stoechnogo-podemnika-stoyka-iii...
2026-03-04 15:31:19,346 - INFO -   ✓ Категория создана: Оборудование
2026-03-04 15:31:19,355 - INFO -   ✓ Категория создана: Домкраты
2026-03-04 15:31:19,355 - INFO -   Категория: Оборудование > Домкраты
2026-03-04 15:31:19,389 - INFO -   ✓ Фильтр создан: Бренд (SELECT)
2026-03-04 15:31:19,395 - INFO -   ✓ Фильтр создан: Код (SELECT)
2026-03-04 15:31:19,400 - INFO -   ✓ Фильтр создан: Рек. Цена (RANGE)
2026-03-04 15:31:19,404 - INFO -   ✓ Фильтр создан: Вес (RANGE)
2026-03-04 15:31:19,705 - INFO - 
[43/100] 43.0% - https://th-tool.by/kryshka-podemnika-s-rolikom/...
2026-03-04 15:31:29,547 - INFO -   Категория: Оборудование > Домкраты
2026-03-04 15:31:29,885 - INFO - 
[44/100] 44.0% - https://th-tool.by/golovka-torks-glubokaya-e24-1-2/...
2026-03-04 15:31:39,928 - INFO -   Категория: Инструмент > Головки
2026-03-04 15:31:40,264 - INFO - 
[45/100] 45.0% - https://th-tool.by/razvetvitel-t-obraznyy-elochka-18mm/...
2026-03-04 15:31:50,146 - INFO -   Категория: Разное
2026-03-04 15:31:50,487 - INFO - 
[46/100] 46.0% - https://th-tool.by/razvetvitel-t-obraznyy-elochka-20mm/...
2026-03-04 15:32:00,345 - INFO -   Категория: Разное
2026-03-04 15:32:00,683 - INFO - 
[47/100] 47.0% - https://th-tool.by/razvetvitel-y-obraznyy-elochka-16mm/...
2026-03-04 15:32:10,778 - INFO -   Категория: Разное
2026-03-04 15:32:11,115 - INFO - 
[48/100] 48.0% - https://th-tool.by/razvetvitel-x-obraznyy-elochka-16mm/...
2026-03-04 15:32:21,183 - INFO -   Категория: Разное
2026-03-04 15:32:21,522 - INFO - 
[49/100] 49.0% - https://th-tool.by/razvetvitel-x-obraznyy-elochka-20mm/...
2026-03-04 15:32:31,545 - INFO -   Категория: Разное
2026-03-04 15:32:31,883 - INFO - 
[50/100] 50.0% - https://th-tool.by/trubka-stekloarmirovannaya-krasnaya-s-pok...
2026-03-04 15:32:42,196 - INFO -   Категория: Разное
2026-03-04 15:32:42,233 - INFO - 
📊 СТАТИСТИКА:
  ✓ Распаршено: 50
  ✓ Создано: 0
  ✓ Обновлено: 50
  ⚠ Дубликаты: 0
  ✗ Ошибки: 0
  📁 Категорий создано: 9
  🔍 Фильтров создано: 23

2026-03-04 15:32:42,534 - INFO - 
[51/100] 51.0% - https://th-tool.by/organayzer-tkanevyy-dlya-nabora-klyuchey-...
2026-03-04 15:32:52,707 - INFO -   ✓ Категория создана: Ключи
2026-03-04 15:32:52,707 - INFO -   Категория: Инструмент > Ключи
2026-03-04 15:32:52,741 - INFO -   ✓ Фильтр создан: Бренд (SELECT)
2026-03-04 15:32:52,746 - INFO -   ✓ Фильтр создан: Код (SELECT)
2026-03-04 15:32:52,750 - INFO -   ✓ Фильтр создан: Рек. Цена (RANGE)
2026-03-04 15:32:52,754 - INFO -   ✓ Фильтр создан: Вес (RANGE)
2026-03-04 15:32:52,760 - INFO -   ✓ Фильтр создан: Штрихкод (SELECT)
2026-03-04 15:32:53,061 - INFO - 
[52/100] 52.0% - https://th-tool.by/klyuch-balonnyy-dvustoronniy-usilennyy-33...
2026-03-04 15:33:03,244 - INFO -   Категория: Инструмент > Ключи
2026-03-04 15:33:03,582 - INFO - 
[53/100] 53.0% - https://th-tool.by/klyuch-balonnyy-dvustoronniy-usilennyy-33...
2026-03-04 15:33:13,660 - INFO -   Категория: Инструмент > Ключи
2026-03-04 15:33:14,000 - INFO - 
[54/100] 54.0% - https://th-tool.by/klyuch-balonnyy-dvustoronniy-usilennyy-33...
2026-03-04 15:33:24,072 - INFO -   Категория: Инструмент > Ключи
2026-03-04 15:33:24,410 - INFO - 
[55/100] 55.0% - https://th-tool.by/perchatki-kh-b-s-pvkh-10-klass-10par/...
2026-03-04 15:33:34,510 - INFO -   Категория: Разное
2026-03-04 15:33:34,850 - INFO - 
[56/100] 56.0% - https://th-tool.by/perchatki-trik-kh-b-7kl-s-pvkh-chernye-ar...
2026-03-04 15:33:44,790 - INFO -   Категория: Разное
2026-03-04 15:33:45,131 - INFO - 
[57/100] 57.0% - https://th-tool.by/botinki-art-3208-r-42/...
2026-03-04 15:33:54,961 - INFO -   Категория: Разное
2026-03-04 15:33:55,296 - INFO - 
[58/100] 58.0% - https://th-tool.by/kostyum-standart-2-sop-siniy-s-vasil-kurt...
2026-03-04 15:34:05,130 - INFO -   Категория: Разное
2026-03-04 15:34:05,465 - INFO - 
[59/100] 59.0% - https://th-tool.by/ochki-zashchitnye-panoramnye-istok-yevro-...
2026-03-04 15:34:15,295 - INFO -   Категория: Разное
2026-03-04 15:34:15,649 - INFO - 
[60/100] 60.0% - https://th-tool.by/semnik-maslyanogo-filtra-kryshka-76mm-kh-...
2026-03-04 15:34:25,713 - INFO -   Категория: Разное
2026-03-04 15:34:25,758 - INFO - 
📊 СТАТИСТИКА:
  ✓ Распаршено: 60
  ✓ Создано: 0
  ✓ Обновлено: 60
  ⚠ Дубликаты: 0
  ✗ Ошибки: 0
  📁 Категорий создано: 10
  🔍 Фильтров создано: 28

2026-03-04 15:34:26,059 - INFO - 
[61/100] 61.0% - https://th-tool.by/semnik-maslyanogo-filtra-kryshka-75mm-kh-...
2026-03-04 15:34:36,198 - INFO -   Категория: Разное
2026-03-04 15:34:36,538 - INFO - 
[62/100] 62.0% - https://th-tool.by/stul-lezhak-transformer-podkatnoy-na-6-ti...
2026-03-04 15:34:46,997 - INFO -   Категория: Разное
2026-03-04 15:34:47,336 - INFO - 
[63/100] 63.0% - https://th-tool.by/nakidka-zashchitnaya-magnitnaya-na-krylo-...
2026-03-04 15:34:57,440 - INFO -   Категория: Разное
2026-03-04 15:34:57,788 - INFO - 
[64/100] 64.0% - https://th-tool.by/nabor-instrumentov-dlya-ruchnogo-montazha...
2026-03-04 15:35:07,713 - INFO -   Категория: Разное
2026-03-04 15:35:08,058 - INFO - 
[65/100] 65.0% - https://th-tool.by/nabor-golovok-spetsialnykh-dlya-shlitsevy...
2026-03-04 15:35:18,024 - INFO -   Категория: Разное
2026-03-04 15:35:18,367 - INFO - 
[66/100] 66.0% - https://th-tool.by/nabor-dlya-snyatiya-shkivov-generatorov-1...
2026-03-04 15:35:28,326 - INFO -   ✓ Категория создана: Генераторы
2026-03-04 15:35:28,326 - INFO -   Категория: Силовая техника > Генераторы
2026-03-04 15:35:28,365 - INFO -   ✓ Фильтр создан: Бренд (SELECT)
2026-03-04 15:35:28,372 - INFO -   ✓ Фильтр создан: Код (SELECT)
2026-03-04 15:35:28,377 - INFO -   ✓ Фильтр создан: Рек. Цена (RANGE)
2026-03-04 15:35:28,382 - INFO -   ✓ Фильтр создан: Вес (RANGE)
2026-03-04 15:35:28,386 - INFO -   ✓ Фильтр создан: Штрихкод (SELECT)
2026-03-04 15:35:28,687 - INFO - 
[67/100] 67.0% - https://th-tool.by/nabor-fiksatorov-dlya-obsluzhivaniya-dvig...
2026-03-04 15:35:38,570 - INFO -   Категория: Разное
2026-03-04 15:35:38,908 - INFO - 
[68/100] 68.0% - https://th-tool.by/nakidka-zashchitnaya-magnitnaya-na-krylo-...
2026-03-04 15:35:49,169 - INFO -   Категория: Разное
2026-03-04 15:35:49,513 - INFO - 
[69/100] 69.0% - https://th-tool.by/nabor-instrumentov-udarnykh-1-2-10pr-10-1...
2026-03-04 15:35:59,606 - INFO -   Категория: Разное
2026-03-04 15:35:59,952 - INFO - 
[70/100] 70.0% - https://th-tool.by/vorotok-g-obraznyy-dvukhstoronniy-udarnyy...
2026-03-04 15:36:10,405 - INFO -   Категория: Разное
2026-03-04 15:36:10,443 - INFO - 
📊 СТАТИСТИКА:
  ✓ Распаршено: 70
  ✓ Создано: 0
  ✓ Обновлено: 70
  ⚠ Дубликаты: 0
  ✗ Ошибки: 0
  📁 Категорий создано: 11
  🔍 Фильтров создано: 33

2026-03-04 15:36:10,743 - INFO - 
[71/100] 71.0% - https://th-tool.by/vorotok-g-obraznyy-dvukhstoronniy-udarnyy...
2026-03-04 15:36:20,769 - INFO -   Категория: Разное
2026-03-04 15:36:21,113 - INFO - 
[72/100] 72.0% - https://th-tool.by/udlinitel-udarnyy-cr-mo-250mm-1-2_2/...
2026-03-04 15:36:31,381 - INFO -   Категория: Разное
2026-03-04 15:36:31,717 - INFO - 
[73/100] 73.0% - https://th-tool.by/udlinitel-udarnyy-cr-mo-75mm-1-2/...
2026-03-04 15:36:41,747 - INFO -   Категория: Разное
2026-03-04 15:36:42,084 - INFO - 
[74/100] 74.0% - https://th-tool.by/klyuch-razvodnoy-10-250mm-zakhvat-0-30mm/...
2026-03-04 15:36:52,032 - INFO -   Категория: Инструмент > Ключи
2026-03-04 15:36:52,376 - INFO - 
[75/100] 75.0% - https://th-tool.by/svetilnik-uvlazhnitel-vozdukha-grib/...
2026-03-04 15:37:02,342 - INFO -   Категория: Разное
2026-03-04 15:37:02,687 - INFO - 
[76/100] 76.0% - https://th-tool.by/pnevmopistolet-dlya-moyki-dvigatelya-so-s...
2026-03-04 15:37:12,609 - INFO -   Категория: Силовая техника > Компрессоры
2026-03-04 15:37:12,950 - INFO - 
[77/100] 77.0% - https://th-tool.by/bita-torx-t20kh75mm-10mm/...
2026-03-04 15:37:22,955 - INFO -   ✓ Категория создана: Биты
2026-03-04 15:37:22,955 - INFO -   Категория: Инструмент > Биты
2026-03-04 15:37:22,990 - INFO -   ✓ Фильтр создан: Бренд (SELECT)
2026-03-04 15:37:22,995 - INFO -   ✓ Фильтр создан: Код (SELECT)
2026-03-04 15:37:23,002 - INFO -   ✓ Фильтр создан: Рек. Цена (RANGE)
2026-03-04 15:37:23,007 - INFO -   ✓ Фильтр создан: Вес (RANGE)
2026-03-04 15:37:23,015 - INFO -   ✓ Фильтр создан: Штрихкод (SELECT)
2026-03-04 15:37:23,316 - INFO - 
[78/100] 78.0% - https://th-tool.by/metchik-m4x0-7-3sht-v-plastikovom-futlyar...
2026-03-04 15:37:33,297 - INFO -   Категория: Разное
2026-03-04 15:37:33,633 - INFO - 
[79/100] 79.0% - https://th-tool.by/metchik-m5x0-8-3sht-v-plastikovom-futlyar...
2026-03-04 15:37:43,580 - INFO -   Категория: Разное
2026-03-04 15:37:43,926 - INFO - 
[80/100] 80.0% - https://th-tool.by/bita-torx-t25kh75mm-10mm/...
2026-03-04 15:37:53,950 - INFO -   Категория: Инструмент > Биты
2026-03-04 15:37:53,994 - INFO - 
📊 СТАТИСТИКА:
  ✓ Распаршено: 80
  ✓ Создано: 0
  ✓ Обновлено: 80
  ⚠ Дубликаты: 0
  ✗ Ошибки: 0
  📁 Категорий создано: 12
  🔍 Фильтров создано: 38

2026-03-04 15:37:54,295 - INFO - 
[81/100] 81.0% - https://th-tool.by/metchik-m6x1-3sht-v-plastikovom-futlyare/...
2026-03-04 15:38:04,230 - INFO -   Категория: Разное
2026-03-04 15:38:04,577 - INFO - 
[82/100] 82.0% - https://th-tool.by/metchik-m7x1-3sht-v-plastikovom-futlyare/...
2026-03-04 15:38:14,573 - INFO -   Категория: Разное
2026-03-04 15:38:14,914 - INFO - 
[83/100] 83.0% - https://th-tool.by/bita-torx-t27kh75mm-10mm/...
2026-03-04 15:38:24,920 - INFO -   Категория: Инструмент > Биты
2026-03-04 15:38:25,265 - INFO - 
[84/100] 84.0% - https://th-tool.by/treshchotka-s-prorezinennoy-protivoskolzy...
2026-03-04 15:38:35,268 - INFO -   Категория: Разное
2026-03-04 15:38:35,609 - INFO - 
[85/100] 85.0% - https://th-tool.by/bita-torx-t30kh75mm-10mm/...
2026-03-04 15:38:45,534 - INFO -   Категория: Инструмент > Биты
2026-03-04 15:38:45,875 - INFO - 
[86/100] 86.0% - https://th-tool.by/nabor-instrumentov-17pr-1-4-6gr-4-13mm/...
2026-03-04 15:38:56,039 - INFO -   Категория: Разное
2026-03-04 15:38:56,380 - INFO - 
[87/100] 87.0% - https://th-tool.by/metchik-m8x1-3sht-v-plastikovom-futlyare/...
2026-03-04 15:39:06,508 - INFO -   Категория: Разное
2026-03-04 15:39:06,850 - INFO - 
[88/100] 88.0% - https://th-tool.by/metchik-m8x1-25-3sht-v-plastikovom-futlya...
2026-03-04 15:39:16,833 - INFO -   Категория: Разное
2026-03-04 15:39:17,189 - INFO - 
[89/100] 89.0% - https://th-tool.by/metchik-m9x1-3sht-v-plastikovom-futlyare/...
2026-03-04 15:39:27,114 - INFO -   Категория: Разное
2026-03-04 15:39:27,458 - INFO - 
[90/100] 90.0% - https://th-tool.by/bita-torx-t40kh75mm-10mm/...
2026-03-04 15:39:37,664 - INFO -   Категория: Инструмент > Биты
2026-03-04 15:39:37,705 - INFO - 
📊 СТАТИСТИКА:
  ✓ Распаршено: 90
  ✓ Создано: 0
  ✓ Обновлено: 90
  ⚠ Дубликаты: 0
  ✗ Ошибки: 0
  📁 Категорий создано: 12
  🔍 Фильтров создано: 38

2026-03-04 15:39:38,005 - INFO - 
[91/100] 91.0% - https://th-tool.by/nabor-instrumentov-24pr-1-2-6-gr-8-32mm-v...
2026-03-04 15:39:47,880 - INFO -   Категория: Разное
2026-03-04 15:39:48,224 - INFO - 
[92/100] 92.0% - https://th-tool.by/bita-torx-t45kh75mm-10mm/...
2026-03-04 15:39:58,496 - INFO -   Категория: Инструмент > Биты
2026-03-04 15:39:58,841 - INFO - 
[93/100] 93.0% - https://th-tool.by/nabor-golovok-s-treshchotkoy-i-udlinitele...
2026-03-04 15:40:08,855 - INFO -   Категория: Разное
2026-03-04 15:40:09,203 - INFO - 
[94/100] 94.0% - https://th-tool.by/nabor-golovok-18pr-1-2-6-gr-8-19-21-22-24...
2026-03-04 15:40:19,151 - INFO -   Категория: Разное
2026-03-04 15:40:19,499 - INFO - 
[95/100] 95.0% - https://th-tool.by/1-2-nabor-golovok-na-metal-planke-14pr-8-...
2026-03-04 15:40:29,651 - INFO -   Категория: Разное
2026-03-04 15:40:29,996 - INFO - 
[96/100] 96.0% - https://th-tool.by/golovka-8mm-6gr-1-2/...
2026-03-04 15:40:40,003 - INFO -   Категория: Инструмент > Головки
2026-03-04 15:40:40,348 - INFO - 
[97/100] 97.0% - https://th-tool.by/golovka-10mm-6gr-1-2/...
2026-03-04 15:40:50,503 - INFO -   Категория: Инструмент > Головки
2026-03-04 15:40:50,843 - INFO - 
[98/100] 98.0% - https://th-tool.by/bita-torx-t50kh75mm-10mm/...
2026-03-04 15:41:00,682 - INFO -   Категория: Инструмент > Биты
2026-03-04 15:41:01,025 - INFO - 
[99/100] 99.0% - https://th-tool.by/golovka-12mm-1-2-6gr/...
2026-03-04 15:41:10,991 - INFO -   Категория: Инструмент > Головки
2026-03-04 15:41:11,339 - INFO - 
[100/100] 100.0% - https://th-tool.by/golovka-14mm-1-2-6gr/...
2026-03-04 15:41:21,294 - INFO -   Категория: Инструмент > Головки
2026-03-04 15:41:21,341 - INFO - 
📊 СТАТИСТИКА:
  ✓ Распаршено: 100
  ✓ Создано: 0
  ✓ Обновлено: 100
  ⚠ Дубликаты: 0
  ✗ Ошибки: 0
  📁 Категорий создано: 12
  🔍 Фильтров создано: 38

2026-03-04 15:41:21,641 - INFO - 
============================================================
2026-03-04 15:41:21,642 - INFO - ПАРСИНГ ЗАВЕРШЕН!
2026-03-04 15:41:21,642 - INFO - 
📊 СТАТИСТИКА:
  ✓ Распаршено: 100
  ✓ Создано: 0
  ✓ Обновлено: 100
  ⚠ Дубликаты: 0
  ✗ Ошибки: 0
  📁 Категорий создано: 12
  🔍 Фильтров создано: 38

