2026-03-04 15:03:06,651 - INFO - Загрузка существующих товаров...
2026-03-04 15:03:06,706 - INFO - Загружено 242 записей
2026-03-04 15:03:06,706 - INFO - Запуск пакетного парсинга: 4 товаров
2026-03-04 15:03:06,706 - INFO - 
[1/4] 25.0% - https://th-tool.by/press-gidravlicheskiy-100t_1/...
2026-03-04 15:03:16,644 - INFO -   ⚠ Дубликат найден: b788b625-d2ee-49b5-a329-c3d6bc0e1d9e
2026-03-04 15:03:16,647 - INFO -   ✓ Товар обновлен
2026-03-04 15:03:17,147 - INFO - 
[2/4] 50.0% - https://th-tool.by/generator-avtonomnyy-benzinovyy-1670-5000...
2026-03-04 15:03:27,193 - INFO -   ⚠ Дубликат найден: 61deb28d-0200-498f-8711-4e724536aab8
2026-03-04 15:03:27,195 - INFO -   ✓ Товар обновлен
2026-03-04 15:03:27,696 - INFO - 
[3/4] 75.0% - https://th-tool.by/klyuch-rozhkovyy-16h17mm/...
2026-03-04 15:03:38,401 - ERROR - ✗ Ошибка парсинга: page.waitForSelector: Timeout 10000ms exceeded.
Call log:
  - waiting for locator('h1') to be visible

2026-03-04 15:03:38,901 - INFO - 
[4/4] 100.0% - https://th-tool.by/golovka-tortsovaya-udarnaya-glubokaya-24m...
2026-03-04 15:03:49,611 - ERROR - ✗ Ошибка парсинга: page.waitForSelector: Timeout 10000ms exceeded.
Call log:
  - waiting for locator('h1') to be visible

2026-03-04 15:03:50,111 - INFO - 
============================================================
2026-03-04 15:03:50,111 - INFO - ПАРСИНГ ЗАВЕРШЕН!
2026-03-04 15:03:50,111 - INFO - 
📊 СТАТИСТИКА:
  ✓ Распаршено: 2
  ✓ Создано: 0
  ✓ Обновлено: 0
  ⚠ Дубликаты: 2
  ✗ Ошибки: 2
  📁 Категорий создано: 0
  🔍 Фильтров создано: 0

