2026-03-04 16:03:42,356 - INFO - Загрузка существующих товаров...
2026-03-04 16:03:42,421 - INFO - Загружено 342 записей
2026-03-04 16:03:42,421 - INFO - Получение списка брендов...
2026-03-04 16:03:44,319 - INFO - ✓ Найдено 74 брендов
2026-03-04 16:03:44,319 - INFO - 
[1/10] Бренд: ECO
2026-03-04 16:03:44,319 - ERROR -   ✗ Ошибка: name 'text' is not defined
2026-03-04 16:03:44,319 - INFO - 
[2/10] Бренд: BULL
2026-03-04 16:03:44,319 - ERROR -   ✗ Ошибка: name 'text' is not defined
2026-03-04 16:03:44,319 - INFO - 
[3/10] Бренд: STARTUL
2026-03-04 16:03:44,319 - ERROR -   ✗ Ошибка: name 'text' is not defined
2026-03-04 16:03:44,319 - INFO - 
[4/10] Бренд: PRO STARTUL
2026-03-04 16:03:44,319 - ERROR -   ✗ Ошибка: name 'text' is not defined
2026-03-04 16:03:44,319 - INFO - 
[5/10] Бренд: EXPERT STARTUL
2026-03-04 16:03:44,319 - ERROR -   ✗ Ошибка: name 'text' is not defined
2026-03-04 16:03:44,319 - INFO - 
[6/10] Бренд: STARTUL METSA
2026-03-04 16:03:44,319 - ERROR -   ✗ Ошибка: name 'text' is not defined
2026-03-04 16:03:44,319 - INFO - 
[7/10] Бренд: WORTEX
2026-03-04 16:03:44,319 - ERROR -   ✗ Ошибка: name 'text' is not defined
2026-03-04 16:03:44,319 - INFO - 
[8/10] Бренд: WORTEX LX
2026-03-04 16:03:44,319 - ERROR -   ✗ Ошибка: name 'text' is not defined
2026-03-04 16:03:44,319 - INFO - 
[9/10] Бренд: STARFIX
2026-03-04 16:03:44,319 - ERROR -   ✗ Ошибка: name 'text' is not defined
2026-03-04 16:03:44,319 - INFO - 
[10/10] Бренд: MAKITA
2026-03-04 16:03:44,319 - ERROR -   ✗ Ошибка: name 'text' is not defined
2026-03-04 16:03:44,319 - INFO - 
============================================================
ИТОГИ:
  Брендов: 10
  Категорий: 0
  Товаров распаршено: 0
  Товаров создано: 0
  Товаров обновлено: 0
  Ошибок: 0
============================================================

