2026-03-04 16:11:25,253 - INFO - Загрузка существующих товаров...
2026-03-04 16:11:25,331 - INFO - Загружено 342 записей
2026-03-04 16:11:25,331 - INFO - Получение списка брендов...
2026-03-04 16:11:29,938 - INFO - ✓ Найдено 74 брендов
2026-03-04 16:11:29,938 - INFO - 
[1/10] Бренд: ECO
2026-03-04 16:11:34,362 - INFO -   ✓ Найдено 5 категорий
2026-03-04 16:11:34,362 - INFO -   Категория: - Аксессуары для насосов
2026-03-04 16:11:39,128 - INFO -     ✓ Найдено 2 товаров
2026-03-04 16:11:46,022 - INFO -   ✓ Категория: Разное > Прочее
2026-03-04 16:11:53,587 - INFO -   ✓ Категория: Ручной инструмент > Наборы
2026-03-04 16:11:54,131 - INFO -   Категория: - Аксессуары для электростанций ENDRESS, ECO
2026-03-04 16:11:59,244 - INFO -     ✓ Найдено 2 товаров
2026-03-04 16:12:14,293 - INFO -   Категория: - Аэраторы газона
2026-03-04 16:12:18,708 - INFO -     ✓ Найдено 1 товаров
2026-03-04 16:12:26,767 - INFO -   Категория: - Безмасляные
2026-03-04 16:12:31,498 - INFO -     ✓ Найдено 4 товаров
2026-03-04 16:12:38,596 - INFO -   ✓ Категория: Оборудование > Компрессоры
2026-03-04 16:13:02,204 - INFO -   Категория: - Бензопилы
2026-03-04 16:13:06,944 - INFO -     ✓ Найдено 3 товаров
2026-03-04 16:13:14,259 - INFO -   ✓ Категория: Электроинструмент > Пилы
2026-03-04 16:13:30,872 - INFO - 
[2/10] Бренд: BULL
2026-03-04 16:13:35,244 - INFO -   ✓ Найдено 5 категорий
2026-03-04 16:13:35,244 - INFO -   Категория: - Аккумуляторные гайковерты
2026-03-04 16:13:39,959 - INFO -     ✓ Найдено 16 товаров
2026-03-04 16:13:47,585 - INFO -   ✓ Категория: Пневмоинструмент > Гайковерты
2026-03-04 16:15:49,634 - INFO -   Категория: - Аккумуляторные дрели-шуруповерты
2026-03-04 16:15:54,045 - INFO -     ✓ Найдено 0 товаров
2026-03-04 16:15:54,045 - INFO -   Категория: - Аккумуляторные заклепочные пистолеты
2026-03-04 16:15:58,489 - INFO -     ✓ Найдено 4 товаров
